// Jest Snapshot v1, https://goo.gl/fbAQLP

exports[`util/insert-section should behave well in a mostly-empty README 1`] = `
"# generator-kennship

> Common tasks for new projects

## New section

More details for you.

"
`;

exports[`util/insert-section should insert a new section 1`] = `
"# generator-kennship

> Common tasks for new projects

[![NPM version][npm-image]][npm-url]
[![Build Status][travis-image]][travis-url]
[![Coverage percentage][coveralls-image]][coveralls-url]

## Installation

Details on installing.

## New section

More details for you.


## Usage

Details on usage.

[npm-image]: https://badge.fury.io/js/generator-kennship.svg

[npm-url]: https://npmjs.org/package/generator-kennship

[coveralls-image]: https://coveralls.io/repos/ryaninvents/generator-kennship/badge.svg

[coveralls-url]: https://coveralls.io/r/ryaninvents/generator-kennship
"
`;
